// Jest Snapshot v1, https://goo.gl/fbAQLP

exports[`CalendarTimes Component matches the snapshot 1`] = `
<DocumentFragment>
  <div
    class="sc-fAUdSK joDQZj"
  >
    <div
      class="sc-gtLWhw sc-dntaoT jnpasD clCmLo"
    >
      Monday, April 15
    </div>
    <div
      class="sc-blHHSb sc-ivxoEo edipXs izTEag"
    >
      <div
        class="sc-egkSDF sc-ghWlax hEyCam bfpDIU"
        data-testid="07:00 AM"
      >
        <button
          class="sc-kLhKbu fvfsF"
        >
          07:00 AM
        </button>
      </div>
      <div
        class="sc-egkSDF sc-ghWlax hEyCam bfpDIU"
        data-testid="11:00 AM"
      >
        <button
          class="sc-kLhKbu fvfsF"
        >
          11:00 AM
        </button>
      </div>
      <div
        class="sc-egkSDF sc-ghWlax hEyCam bfpDIU"
        data-testid="01:30 PM"
      >
        <button
          class="sc-kLhKbu fvfsF"
        >
          01:30 PM
        </button>
      </div>
    </div>
  </div>
</DocumentFragment>
`;
