// Jest Snapshot v1, https://goo.gl/fbAQLP

exports[`CalendarMonthPicker Component matches the snapshot 1`] = `
<DocumentFragment>
  <div
    class="sc-KXCwU jyEcCJ"
  >
    <button
      aria-label="previous month"
      class="sc-gyycJP sc-eaUbBy kXkBHQ dmXsWy"
      data-testid="previous-month"
    >
      <div
        data-testid="fi-chevron-left"
      />
    </button>
    <span
      class="sc-dDvxFM iETLZJ"
    >
      April 2025
    </span>
    <button
      aria-label="next month"
      class="sc-gyycJP sc-gaZyOd kXkBHQ sCJmL"
      data-testid="next-month"
    >
      <div
        data-testid="fi-chevron-right"
      />
    </button>
  </div>
</DocumentFragment>
`;
