// Jest Snapshot v1, https://goo.gl/fbAQLP

exports[`CalendarMonthPicker Component matches the snapshot 1`] = `
<DocumentFragment>
  <div
    class="sc-blHHSb fJKPUX"
  >
    <button
      aria-label="previous month"
      class="sc-gtLWhw sc-egkSDF lorpGW fBSbpZ"
    >
      <div
        data-testid="fi-chevron-left"
      />
    </button>
    <span
      class="sc-dntaoT euESij"
    >
      April 2025
    </span>
    <button
      aria-label="next month"
      class="sc-gtLWhw sc-fAUdSK lorpGW gofhhg"
    >
      <div
        data-testid="fi-chevron-right"
      />
    </button>
  </div>
</DocumentFragment>
`;
