// Jest Snapshot v1, https://goo.gl/fbAQLP

exports[`InputLabel Component matches the snapshot 1`] = `
<DocumentFragment>
  <label
    class="sc-blHHSb ctqNWd"
    for="test-input"
  >
    Test Label
    <span
      class="sc-gtLWhw dgecrY"
    >
      *
    </span>
  </label>
</DocumentFragment>
`;
